nodes:
  fw1:
    AS_Path_Access_Lists: []
    Authentication_Key_Chains: []
    Community_Lists: []
    Configuration_Format: CISCO_ASA
    DNS:
      DNS_Servers: []
      DNS_Source_Interface: null
    Default_Cross_Zone_Action: PERMIT
    Default_Inbound_Action: PERMIT
    Device_Type: SWITCH
    Domain_Name: packetflow.local
    Hostname: fw1
    IP6_Access_Lists: []
    IP_Access_Lists:
    - acl-inside
    - acl-outside
    - acl-webfarm
    IPsec:
      IKE_Phase1_Keys: []
      IKE_Phase1_Policies: []
      IKE_Phase1_Proposals: []
      IPsec_Peer_Configs: []
      IPsec_Phase2_Policies: []
      IPsec_Phase2_Proposals: []
    Interfaces:
      inside:
        Access_VLAN: null
        Active: true
        All_Prefixes:
        - 10.0.0.13/30
        Allowed_VLANs: ''
        Auto_State_VLAN: true
        Bandwidth: 1000000000.0
        Blacklisted: false
        Channel_Group: null
        Channel_Group_Members: []
        DHCP_Relay_Addresses: []
        Declared_Names:
        - GigabitEthernet0/2
        - inside
        Description: to FW2
        Encapsulation_VLAN: null
        HSRP_Groups: []
        HSRP_Version: null
        Incoming_Filter_Name: null
        MLAG_ID: null
        MTU: 1500
        Native_VLAN: null
        Outgoing_Filter_Name: null
        PBR_Policy_Name: null
        Primary_Address: 10.0.0.13/30
        Primary_Network: 10.0.0.12/30
        Proxy_ARP: true
        Rip_Enabled: false
        Rip_Passive: false
        Spanning_Tree_Portfast: false
        Speed: 1000000000.0
        Switchport: false
        Switchport_Mode: NONE
        Switchport_Trunk_Encapsulation: DOT1Q
        VRF: default
        VRRP_Groups: []
        Zone_Name: null
      mgmt:
        Access_VLAN: null
        Active: false
        All_Prefixes:
        - 172.29.132.100/24
        Allowed_VLANs: ''
        Auto_State_VLAN: true
        Bandwidth: 1000000000000.0
        Blacklisted: true
        Channel_Group: null
        Channel_Group_Members: []
        DHCP_Relay_Addresses: []
        Declared_Names:
        - Management0/0
        - mgmt
        Description: OOB Management
        Encapsulation_VLAN: null
        HSRP_Groups: []
        HSRP_Version: null
        Incoming_Filter_Name: null
        MLAG_ID: null
        MTU: 1500
        Native_VLAN: null
        Outgoing_Filter_Name: null
        PBR_Policy_Name: null
        Primary_Address: 172.29.132.100/24
        Primary_Network: 172.29.132.0/24
        Proxy_ARP: true
        Rip_Enabled: false
        Rip_Passive: false
        Spanning_Tree_Portfast: false
        Speed: null
        Switchport: false
        Switchport_Mode: NONE
        Switchport_Trunk_Encapsulation: DOT1Q
        VRF: default
        VRRP_Groups: []
        Zone_Name: null
      outside:
        Access_VLAN: null
        Active: true
        All_Prefixes:
        - 192.168.0.254/24
        Allowed_VLANs: ''
        Auto_State_VLAN: true
        Bandwidth: 1000000000.0
        Blacklisted: false
        Channel_Group: null
        Channel_Group_Members: []
        DHCP_Relay_Addresses: []
        Declared_Names:
        - GigabitEthernet0/0
        - outside
        Description: to outside
        Encapsulation_VLAN: null
        HSRP_Groups: []
        HSRP_Version: null
        Incoming_Filter_Name: null
        MLAG_ID: null
        MTU: 1500
        Native_VLAN: null
        Outgoing_Filter_Name: null
        PBR_Policy_Name: null
        Primary_Address: 192.168.0.254/24
        Primary_Network: 192.168.0.0/24
        Proxy_ARP: true
        Rip_Enabled: false
        Rip_Passive: false
        Spanning_Tree_Portfast: false
        Speed: 1000000000.0
        Switchport: false
        Switchport_Mode: NONE
        Switchport_Trunk_Encapsulation: DOT1Q
        VRF: default
        VRRP_Groups: []
        Zone_Name: null
      webfarm:
        Access_VLAN: null
        Active: true
        All_Prefixes:
        - 10.0.1.254/24
        Allowed_VLANs: ''
        Auto_State_VLAN: true
        Bandwidth: 1000000000.0
        Blacklisted: false
        Channel_Group: null
        Channel_Group_Members: []
        DHCP_Relay_Addresses: []
        Declared_Names:
        - GigabitEthernet0/1
        - webfarm
        Description: to webfarm
        Encapsulation_VLAN: null
        HSRP_Groups: []
        HSRP_Version: null
        Incoming_Filter_Name: null
        MLAG_ID: null
        MTU: 1500
        Native_VLAN: null
        Outgoing_Filter_Name: null
        PBR_Policy_Name: null
        Primary_Address: 10.0.1.254/24
        Primary_Network: 10.0.1.0/24
        Proxy_ARP: true
        Rip_Enabled: false
        Rip_Passive: false
        Spanning_Tree_Portfast: false
        Speed: 1000000000.0
        Switchport: false
        Switchport_Mode: NONE
        Switchport_Trunk_Encapsulation: DOT1Q
        VRF: default
        VRRP_Groups: []
        Zone_Name: null
    NTP:
      NTP_Servers: [8.8.8.8]
      NTP_Source_Interface: null
    PBR_Policies: []
    Route6_Filter_Lists: []
    Route_Filter_Lists: []
    Routing_Policies: []
    SNMP:
      SNMP_Source_Interface: null
      SNMP_Trap_Servers: []
    Syslog:
      Logging_Servers: []
      Logging_Source_Interface: null
    TACACS:
      TACACS_Servers: []
      TACACS_Source_Interface: null
    VRFs:
    - default
    Zones:
    - SECURITY_LEVEL_0
    - SECURITY_LEVEL_100
    - SECURITY_LEVEL_50
version: batfish_v0
